// Jest Snapshot v1, https://goo.gl/fbAQLP

exports[`printTree should visualize tree 1`] = `
"
â”œâ”€â”€bar
â”œâ”€â”€baz
â”œâ”€â”€foo
â””â”€â”€qux"
`;

exports[`printTree should visualize tree 2`] = `
"
â””â”€â”€[1m[34mfoo[39m[22m
   â””â”€â”€[1m[34mbar[39m[22m
      â””â”€â”€[1m[34mbaz[39m[22m
         â””â”€â”€qux"
`;

exports[`printTree should visualize tree 3`] = `
"
â””â”€â”€[1m[34mfoo[39m[22m
   â”œâ”€â”€bar
   â”œâ”€â”€baz
   â””â”€â”€qux"
`;

exports[`printTree should visualize tree 4`] = `
"
â””â”€â”€[1m[34mfoo[39m[22m
   â”œâ”€â”€[1m[34mbar[39m[22m
   â”‚  â”œâ”€â”€a
   â”‚  â””â”€â”€b
   â”œâ”€â”€[1m[34mbaz[39m[22m
   â”‚  â”œâ”€â”€a
   â”‚  â””â”€â”€b
   â””â”€â”€[1m[34mqux[39m[22m
      â”œâ”€â”€a
      â””â”€â”€b"
`;

exports[`printTree should visualize tree 5`] = `
"
â”œâ”€â”€[1m[34mfoo[39m[22m
â”‚  â””â”€â”€[1m[34mbar[39m[22m
â”‚     â””â”€â”€[1m[34mbaz[39m[22m
â”‚        â””â”€â”€qux
â””â”€â”€qux"
`;

exports[`printTree should visualize tree 6`] = `
"
â”œâ”€â”€[1m[34mbar[39m[22m
â”‚  â”œâ”€â”€[1m[34mfoo[39m[22m
â”‚  â”‚  â””â”€â”€foo.ts
â”‚  â””â”€â”€bar.ts
â””â”€â”€foo.ts"
`;
